version https://git-lfs.github.com/spec/v1
oid sha256:5e14f02ce43f257687f75dade4ed1473200314dba8aad297b504f7ae7aae0a77
size 144
